Microchip MPLAB XC8 Compiler V2.45

Linker command line:

-W-3 \
  --edf=C:/Users/Austin/.mchp_packs/Microchip/PIC12-16F1xxx_DFP/1.7.242/xc8\pic\dat\20230907200743_en.msgs \
  -cn -h+dist/default/production\7109-08.production.sym \
  --cmf=dist/default/production\7109-08.production.cmf -z -Q16LF1825 \
  -oC:\Users\Austin\AppData\Local\Temp\xcAs16r0.\driver_tmp_3.o \
  --defsym=__MPLAB_BUILD=1 --fixupoverflow=error \
  -Mdist/default/production/7109-08.production.map \
  --md=C:\Users\Austin\AppData\Local\Temp\xcAs16r0.\driver_tmp_0.dat -E1 \
  -ver=XC8 Compiler --acfsm=1493 -ACODE=00h-07FFhx4 -ASTRCODE=00h-01FFFh \
  -ASTRING=00h-0FFhx32 -ACONST=00h-0FFhx32 -AENTRY=00h-0FFhx32 \
  -ACOMMON=070h-07Fh -ABANK0=020h-06Fh -ABANK1=0A0h-0EFh \
  -ABANK2=0120h-016Fh -ABANK3=01A0h-01EFh -ABANK4=0220h-026Fh \
  -ABANK5=02A0h-02EFh -ABANK6=0320h-036Fh -ABANK7=03A0h-03EFh \
  -ABANK8=0420h-046Fh -ABANK9=04A0h-04EFh -ABANK10=0520h-056Fh \
  -ABANK11=05A0h-05EFh -ABANK12=0620h-064Fh -ABIGRAM=02000h-023EFh \
  -ARAM=020h-06Fh,0A0h-0EFh,0120h-016Fh,01A0h-01EFh,0220h-026Fh,02A0h-02EFh,0320h-036Fh,03A0h-03EFh,0420h-046Fh,04A0h-04EFh,0520h-056Fh,05A0h-05EFh,0620h-064Fh \
  -AABS1=020h-07Fh,0A0h-0EFh,0120h-016Fh,01A0h-01EFh,0220h-026Fh,02A0h-02EFh,0320h-036Fh,03A0h-03EFh,0420h-046Fh,04A0h-04EFh,0520h-056Fh,05A0h-05EFh,0620h-064Fh \
  -ASFR0=00h-01Fh -ASFR1=080h-09Fh -ASFR2=0100h-011Fh -ASFR3=0180h-019Fh \
  -ASFR4=0200h-021Fh -ASFR5=0280h-029Fh -ASFR6=0300h-031Fh \
  -ASFR7=0380h-039Fh -ASFR8=0400h-041Fh -ASFR9=0480h-049Fh \
  -ASFR10=0500h-051Fh -ASFR11=0580h-059Fh -ASFR12=0600h-061Fh \
  -ASFR13=0680h-06EFh -ASFR14=0700h-076Fh -ASFR15=0780h-07EFh \
  -ASFR16=0800h-086Fh -ASFR17=0880h-08EFh -ASFR18=0900h-096Fh \
  -ASFR19=0980h-09EFh -ASFR20=0A00h-0A6Fh -ASFR21=0A80h-0AEFh \
  -ASFR22=0B00h-0B6Fh -ASFR23=0B80h-0BEFh -ASFR24=0C00h-0C6Fh \
  -ASFR25=0C80h-0CEFh -ASFR26=0D00h-0D6Fh -ASFR27=0D80h-0DEFh \
  -ASFR28=0E00h-0E6Fh -ASFR29=0E80h-0EEFh -ASFR30=0F00h-0F6Fh \
  -ASFR31=0F80h-0FEFh -ACONFIG=08007h-08008h -DCONFIG=2 \
  -AIDLOC=08000h-08003h -DIDLOC=2 -AEEDATA=00h-0FFh/0F000h \
  -peeprom_data=EEDATA -DEEDATA=2 -DCODE=2 -DSTRCODE=2 -DSTRING=2 -DCONST=2 \
  -DENTRY=2 -preset_vec=00h,intentry,init,end_init -ppowerup=CODE \
  -pcinit=CODE -pfunctab=ENTRY -k \
  C:\Users\Austin\AppData\Local\Temp\xcAs16r0.\driver_tmp_15.o \
  dist/default/production\7109-08.production.o 

Object code version is 3.11

Machine type is 16LF1825



                Name                               Link     Load   Length Selector   Space Scale
C:\Users\Austin\AppData\Local\Temp\xcAs16r0.\driver_tmp_15.o
                end_init                              2        2        2        0       0
                reset_vec                             0        0        2        0       0
                config                             8007     8007        2        0       4
dist/default/production\7109-08.production.o
                cinit                               7F2      7F2        E      FE4       0
                config                             8007     8007        2        0       4
                text20                              689      689       22      D12       0
                text19                              5A8      5A8        3      B50       0
                text18                              66A      66A       1F      CD4       0
                text17                              786      786       6C      F0C       0
                text16                              6D0      6D0       28      DA0       0
                text15                              618      618       1A      C30       0
                text14                              733      733       53      E66       0
                text13                              5E1      5E1        C      BC2       0
                text12                              64C      64C       1E      C98       0
                text11                              632      632       1A      C64       0
                text10                              5F9      5F9        F      BF2       0
                text9                               5C3      5C3        9      B86       0
                text8                               5BB      5BB        8      B76       0
                text7                               5AF      5AF        6      B5E       0
                text6                               5D6      5D6        B      BAC       0
                text5                               5B5      5B5        6      B6A       0
                text4                               6AB      6AB       25      D56       0
                text3                               5CC      5CC        A      B98       0
                text2                               5AB      5AB        4      B56       0
                text1                               608      608       10      C10       0
                maintext                            6F8      6F8       3B      DF0       0
                cstackBANK0                          20       20       1A       20       1
                cstackCOMMON                         70       70        D       70       1
                clrtext                             5ED      5ED        C      BDA       0
                nvBANK0                              3A       3A        4       20       1
                stringtext6                         83F      83F        4     1000       0
                stringtext5                         82B      82B        C     1000       0
                stringtext4                         83B      83B        4     1000       0
                stringtext3                         837      837        4     1000       0
                stringtext2                         81C      81C        F     1000       0
                stringtext1                         800      800       1C     1000       0

TOTAL           Name                               Link     Load   Length     Space
        CLASS   CODE           
                end_init                              2        2        2         0
                cinit                               7F2      7F2        E         0
                reset_vec                             0        0        2         0
                text20                              689      689       22         0
                text19                              5A8      5A8        3         0
                text18                              66A      66A       1F         0
                text17                              786      786       6C         0
                text16                              6D0      6D0       28         0
                text15                              618      618       1A         0
                text14                              733      733       53         0
                text13                              5E1      5E1        C         0
                text12                              64C      64C       1E         0
                text11                              632      632       1A         0
                text10                              5F9      5F9        F         0
                text9                               5C3      5C3        9         0
                text8                               5BB      5BB        8         0
                text7                               5AF      5AF        6         0
                text6                               5D6      5D6        B         0
                text5                               5B5      5B5        6         0
                text4                               6AB      6AB       25         0
                text3                               5CC      5CC        A         0
                text2                               5AB      5AB        4         0
                text1                               608      608       10         0
                maintext                            6F8      6F8       3B         0
                clrtext                             5ED      5ED        C         0

        CLASS   STRCODE        
                stringtext6                         83F      83F        4         0
                stringtext5                         82B      82B        C         0
                stringtext4                         83B      83B        4         0
                stringtext3                         837      837        4         0
                stringtext2                         81C      81C        F         0
                stringtext1                         800      800       1C         0

        CLASS   STRING         

        CLASS   CONST          

        CLASS   ENTRY          

        CLASS   COMMON         
                cstackCOMMON                         70       70        D         1

        CLASS   BANK0          
                cstackBANK0                          20       20       1A         1
                nvBANK0                              3A       3A        4         1

        CLASS   BANK1          

        CLASS   BANK2          

        CLASS   BANK3          

        CLASS   BANK4          

        CLASS   BANK5          

        CLASS   BANK6          

        CLASS   BANK7          

        CLASS   BANK8          

        CLASS   BANK9          

        CLASS   BANK10         

        CLASS   BANK11         

        CLASS   BANK12         

        CLASS   BIGRAM         

        CLASS   RAM            

        CLASS   ABS1           
                abs_s1                               7E       7E        2         1
                abs_s1                              4C0      4C0       30         1
                abs_s1                              520      520       50         1
                abs_s1                              5A0      5A0       50         1
                abs_s1                              620      620       30         1
                abs_s1                             22F0     22F0        0         1

        CLASS   SFR0           

        CLASS   SFR1           

        CLASS   SFR2           

        CLASS   SFR3           

        CLASS   SFR4           

        CLASS   SFR5           

        CLASS   SFR6           

        CLASS   SFR7           

        CLASS   SFR8           

        CLASS   SFR9           

        CLASS   SFR10          

        CLASS   SFR11          

        CLASS   SFR12          

        CLASS   SFR13          

        CLASS   SFR14          

        CLASS   SFR15          

        CLASS   SFR16          

        CLASS   SFR17          

        CLASS   SFR18          

        CLASS   SFR19          

        CLASS   SFR20          

        CLASS   SFR21          

        CLASS   SFR22          

        CLASS   SFR23          

        CLASS   SFR24          

        CLASS   SFR25          

        CLASS   SFR26          

        CLASS   SFR27          

        CLASS   SFR28          

        CLASS   SFR29          

        CLASS   SFR30          

        CLASS   SFR31          

        CLASS   CONFIG         
                config                             8007     8007        2         4

        CLASS   IDLOC          

        CLASS   EEDATA         

        CLASS   BANK31         

        CLASS   BANK30         

        CLASS   BANK29         

        CLASS   BANK28         

        CLASS   BANK27         

        CLASS   BANK26         

        CLASS   BANK25         

        CLASS   BANK24         

        CLASS   BANK23         

        CLASS   BANK22         

        CLASS   BANK21         

        CLASS   BANK20         

        CLASS   BANK19         

        CLASS   BANK18         

        CLASS   BANK17         

        CLASS   BANK16         

        CLASS   BANK15         

        CLASS   BANK14         

        CLASS   BANK13         

        CLASS   HEAP           

        CLASS   STACK          



SEGMENTS        Name                           Load    Length   Top    Selector   Space  Class     Delta

                reset_vec                      000000  000004  000004         0       0  CODE        2
                cstackBANK0                    000020  00001E  00003E        20       1  BANK0       1
                cstackCOMMON                   000070  00000D  00007D        70       1  COMMON      1
                text19                         0005A8  000003  0005AB       B50       0  CODE        2
                text2                          0005AB  000004  0005AF       B56       0  CODE        2
                text7                          0005AF  000006  0005B5       B5E       0  CODE        2
                text5                          0005B5  000006  0005BB       B6A       0  CODE        2
                text8                          0005BB  000008  0005C3       B76       0  CODE        2
                text9                          0005C3  000009  0005CC       B86       0  CODE        2
                text3                          0005CC  00000A  0005D6       B98       0  CODE        2
                text6                          0005D6  00000B  0005E1       BAC       0  CODE        2
                text13                         0005E1  00000C  0005ED       BC2       0  CODE        2
                clrtext                        0005ED  00000C  0005F9       BDA       0  CODE        2
                text10                         0005F9  00000F  000608       BF2       0  CODE        2
                text1                          000608  000010  000618       C10       0  CODE        2
                text15                         000618  00001A  000632       C30       0  CODE        2
                text11                         000632  00001A  00064C       C64       0  CODE        2
                text12                         00064C  00001E  00066A       C98       0  CODE        2
                text18                         00066A  00001F  000689       CD4       0  CODE        2
                text20                         000689  000022  0006AB       D12       0  CODE        2
                text4                          0006AB  000025  0006D0       D56       0  CODE        2
                text16                         0006D0  000028  0006F8       DA0       0  CODE        2
                maintext                       0006F8  00003B  000733       DF0       0  CODE        2
                text14                         000733  000053  000786       E66       0  CODE        2
                text17                         000786  00006C  0007F2       F0C       0  CODE        2
                cinit                          0007F2  00000E  000800       FE4       0  CODE        2
                stringtext1                    000800  000043  000843      1000       0  STRCODE     2


UNUSED ADDRESS RANGES

        Name                Unused          Largest block    Delta
        BANK0            0003E-0006F              32           1
        BANK1            000A0-000EF              50           1
        BANK2            00120-0016F              50           1
        BANK3            001A0-001EF              50           1
        BANK4            00220-0026F              50           1
        BANK5            002A0-002EF              50           1
        BANK6            00320-0036F              50           1
        BANK7            003A0-003EF              50           1
        BANK8            00420-0046F              50           1
        BANK9            004A0-004BF              20           1
        BIGRAM           02000-023EF             3F0           1
        CODE             00004-005A7             5A4           2
                         00843-01FFF             800
        COMMON           0007D-0007D               1           1
        CONST            00004-005A7             100           2
                         00843-01FFF             100
        EEDATA           0F000-0F0FF             100           2
        ENTRY            00004-005A7             100           2
                         00843-01FFF             100
        IDLOC            08000-08003               4           2
        RAM              0003E-0006F              32           1
                         000A0-000EF              50
                         00120-0016F              50
                         001A0-001EF              50
                         00220-0026F              50
                         002A0-002EF              50
                         00320-0036F              50
                         003A0-003EF              50
                         00420-0046F              50
                         004A0-004BF              20
        SFR0             00000-0001F              20           1
        SFR1             00080-0009F              20           1
        SFR10            00500-0051F              20           1
        SFR11            00580-0059F              20           1
        SFR12            00600-0061F              20           1
        SFR13            00680-006EF              70           1
        SFR14            00700-0076F              70           1
        SFR15            00780-007EF              70           1
        SFR16            00800-0086F              70           1
        SFR17            00880-008EF              70           1
        SFR18            00900-0096F              70           1
        SFR19            00980-009EF              70           1
        SFR2             00100-0011F              20           1
        SFR20            00A00-00A6F              70           1
        SFR21            00A80-00AEF              70           1
        SFR22            00B00-00B6F              70           1
        SFR23            00B80-00BEF              70           1
        SFR24            00C00-00C6F              70           1
        SFR25            00C80-00CEF              70           1
        SFR26            00D00-00D6F              70           1
        SFR27            00D80-00DEF              70           1
        SFR28            00E00-00E6F              70           1
        SFR29            00E80-00EEF              70           1
        SFR3             00180-0019F              20           1
        SFR30            00F00-00F6F              70           1
        SFR31            00F80-00FEF              70           1
        SFR4             00200-0021F              20           1
        SFR5             00280-0029F              20           1
        SFR6             00300-0031F              20           1
        SFR7             00380-0039F              20           1
        SFR8             00400-0041F              20           1
        SFR9             00480-0049F              20           1
        STRCODE          00004-005A7             5A4           2
                         00843-01FFF            17BD
        STRING           00004-005A7             100           2
                         00843-01FFF             100

                                  Symbol Table

?___wmul                                 cstackCOMMON 00070
ADXL345_init@msg                         cstackBANK0  00020
ADXL345_validation@passed                cstackCOMMON 0007A
INT_SetInterruptHandler@InterruptHandler cstackCOMMON 00070
SPI1_BufferWrite@bufferData              cstackCOMMON 00070
SPI1_BufferWrite@bufferInput             cstackCOMMON 00076
SPI1_BufferWrite@bufferInputSize         cstackCOMMON 00074
SPI1_BufferWrite@bufferSize              cstackCOMMON 00071
SPI1_ByteExchange@byteData               cstackCOMMON 00070
SPI1_Open@returnValue                    cstackCOMMON 00079
SPI1_Open@spiConfigIndex                 cstackCOMMON 00076
SW1_SetInterruptHandler@InterruptHandler cstackCOMMON 00070
_ADXL345_init                            text14       00733
_ADXL345_init_settings                   stringtext5  0082B
_ADXL345_validation                      text12       0064C
_ANSELA                                  (abs)        0018C
_ANSELC                                  (abs)        0018E
_APFCON0                                 (abs)        0011D
_BORCON                                  (abs)        00116
_CLOCK_Initialize                        text8        005BB
_INLVLA                                  (abs)        0038C
_INLVLC                                  (abs)        0038E
_INTCONbits                              (abs)        0000B
_INTERRUPT_Initialize                    text6        005D6
_INT_DefaultInterruptHandler             (abs)        00000
_INT_InterruptHandler                    nvBANK0      0003C
_INT_SetInterruptHandler                 text7        005AF
_IOCAF                                   (abs)        00393
_IOCAFbits                               (abs)        00393
_IOCAN                                   (abs)        00392
_IOCAP                                   (abs)        00391
_LATA                                    (abs)        0010C
_LATAbits                                (abs)        0010C
_LATC                                    (abs)        0010E
_LATCbits                                (abs)        0010E
_OPTION_REGbits                          (abs)        00095
_OSCCON                                  (abs)        00099
_OSCTUNE                                 (abs)        00098
_PIE1bits                                (abs)        00091
_PIN_MANAGER_IOC                         text9        005C3
_PIN_MANAGER_Initialize                  text4        006AB
_PIR1bits                                (abs)        00011
_PORTAbits                               (abs)        0000C
_SPI1_BufferExchange                     (abs)        00000
_SPI1_BufferRead                         (abs)        00000
_SPI1_BufferWrite                        text20       00689
_SPI1_ByteExchange                       text13       005E1
_SPI1_ByteRead                           (abs)        00000
_SPI1_ByteWrite                          (abs)        00000
_SPI1_Close                              text19       005A8
_SPI1_Deinitialize                       (abs)        00000
_SPI1_Initialize                         text3        005CC
_SPI1_IsRxReady                          (abs)        00000
_SPI1_IsTxReady                          (abs)        00000
_SPI1_Open                               text17       00786
_SSP1ADD                                 (abs)        00212
_SSP1BUF                                 (abs)        00211
_SSP1CON1                                (abs)        00215
_SSP1CON1bits                            (abs)        00215
_SSP1CON3                                (abs)        00217
_SSP1STAT                                (abs)        00214
_SW1_DefaultInterruptHandler             text11       00632
_SW1_ISR                                 text10       005F9
_SW1_InterruptHandler                    nvBANK0      0003A
_SW1_SetInterruptHandler                 text5        005B5
_SYSTEM_Initialize                       text1        00608
_TRISA                                   (abs)        0008C
_TRISC                                   (abs)        0008E
_WDTCON                                  (abs)        00097
_WDT_Initialize                          text2        005AB
_WPUA                                    (abs)        0020C
_WPUC                                    (abs)        0020E
__H__absolute__                          __absolute__ 00000
__Habs1                                  abs1         00000
__Hbank0                                 bank0        00000
__Hbank1                                 bank1        00000
__Hbank10                                bank10       00000
__Hbank11                                bank11       00000
__Hbank12                                bank12       00000
__Hbank13                                bank13       00000
__Hbank14                                bank14       00000
__Hbank15                                bank15       00000
__Hbank16                                bank16       00000
__Hbank17                                bank17       00000
__Hbank18                                bank18       00000
__Hbank19                                bank19       00000
__Hbank2                                 bank2        00000
__Hbank20                                bank20       00000
__Hbank21                                bank21       00000
__Hbank22                                bank22       00000
__Hbank23                                bank23       00000
__Hbank24                                bank24       00000
__Hbank25                                bank25       00000
__Hbank26                                bank26       00000
__Hbank27                                bank27       00000
__Hbank28                                bank28       00000
__Hbank29                                bank29       00000
__Hbank3                                 bank3        00000
__Hbank30                                bank30       00000
__Hbank31                                bank31       00000
__Hbank4                                 bank4        00000
__Hbank5                                 bank5        00000
__Hbank6                                 bank6        00000
__Hbank7                                 bank7        00000
__Hbank8                                 bank8        00000
__Hbank9                                 bank9        00000
__Hbigram                                bigram       00000
__Hcinit                                 cinit        00800
__Hclrtext                               clrtext      00000
__Hcode                                  code         00000
__Hcommon                                common       00000
__Hconfig                                config       08009
__HcstackBANK0                           cstackBANK0  00000
__HcstackCOMMON                          cstackCOMMON 00000
__Heeprom_data                           eeprom_data  00000
__Hend_init                              end_init     00004
__Hfunctab                               functab      00000
__Hheap                                  heap         00000
__Hinit                                  init         00002
__Hintentry                              intentry     00002
__Hmaintext                              maintext     00000
__HnvBANK0                               nvBANK0      00000
__Hpowerup                               powerup      00000
__Hram                                   ram          00000
__Hreset_vec                             reset_vec    00002
__Hsfr0                                  sfr0         00000
__Hsfr1                                  sfr1         00000
__Hsfr10                                 sfr10        00000
__Hsfr11                                 sfr11        00000
__Hsfr12                                 sfr12        00000
__Hsfr13                                 sfr13        00000
__Hsfr14                                 sfr14        00000
__Hsfr15                                 sfr15        00000
__Hsfr16                                 sfr16        00000
__Hsfr17                                 sfr17        00000
__Hsfr18                                 sfr18        00000
__Hsfr19                                 sfr19        00000
__Hsfr2                                  sfr2         00000
__Hsfr20                                 sfr20        00000
__Hsfr21                                 sfr21        00000
__Hsfr22                                 sfr22        00000
__Hsfr23                                 sfr23        00000
__Hsfr24                                 sfr24        00000
__Hsfr25                                 sfr25        00000
__Hsfr26                                 sfr26        00000
__Hsfr27                                 sfr27        00000
__Hsfr28                                 sfr28        00000
__Hsfr29                                 sfr29        00000
__Hsfr3                                  sfr3         00000
__Hsfr30                                 sfr30        00000
__Hsfr31                                 sfr31        00000
__Hsfr4                                  sfr4         00000
__Hsfr5                                  sfr5         00000
__Hsfr6                                  sfr6         00000
__Hsfr7                                  sfr7         00000
__Hsfr8                                  sfr8         00000
__Hsfr9                                  sfr9         00000
__Hspace_0                               (abs)        00843
__Hspace_1                               (abs)        0007D
__Hspace_2                               (abs)        00000
__Hspace_3                               (abs)        00000
__Hspace_4                               (abs)        10010
__Hstack                                 stack        00000
__Hstrings                               strings      00000
__Hstringtext1                           stringtext1  00000
__Hstringtext2                           stringtext2  00000
__Hstringtext3                           stringtext3  00000
__Hstringtext4                           stringtext4  00000
__Hstringtext5                           stringtext5  00000
__Hstringtext6                           stringtext6  00000
__Htext                                  text         00000
__L__absolute__                          __absolute__ 00000
__Labs1                                  abs1         00000
__Lbank0                                 bank0        00000
__Lbank1                                 bank1        00000
__Lbank10                                bank10       00000
__Lbank11                                bank11       00000
__Lbank12                                bank12       00000
__Lbank13                                bank13       00000
__Lbank14                                bank14       00000
__Lbank15                                bank15       00000
__Lbank16                                bank16       00000
__Lbank17                                bank17       00000
__Lbank18                                bank18       00000
__Lbank19                                bank19       00000
__Lbank2                                 bank2        00000
__Lbank20                                bank20       00000
__Lbank21                                bank21       00000
__Lbank22                                bank22       00000
__Lbank23                                bank23       00000
__Lbank24                                bank24       00000
__Lbank25                                bank25       00000
__Lbank26                                bank26       00000
__Lbank27                                bank27       00000
__Lbank28                                bank28       00000
__Lbank29                                bank29       00000
__Lbank3                                 bank3        00000
__Lbank30                                bank30       00000
__Lbank31                                bank31       00000
__Lbank4                                 bank4        00000
__Lbank5                                 bank5        00000
__Lbank6                                 bank6        00000
__Lbank7                                 bank7        00000
__Lbank8                                 bank8        00000
__Lbank9                                 bank9        00000
__Lbigram                                bigram       00000
__Lcinit                                 cinit        007F2
__Lclrtext                               clrtext      00000
__Lcode                                  code         00000
__Lcommon                                common       00000
__Lconfig                                config       00000
__LcstackBANK0                           cstackBANK0  00000
__LcstackCOMMON                          cstackCOMMON 00000
__Leeprom_data                           eeprom_data  00000
__Lend_init                              end_init     00002
__Lfunctab                               functab      00000
__Lheap                                  heap         00000
__Linit                                  init         00002
__Lintentry                              intentry     00002
__Lmaintext                              maintext     00000
__LnvBANK0                               nvBANK0      00000
__Lpowerup                               powerup      00000
__Lram                                   ram          00000
__Lreset_vec                             reset_vec    00000
__Lsfr0                                  sfr0         00000
__Lsfr1                                  sfr1         00000
__Lsfr10                                 sfr10        00000
__Lsfr11                                 sfr11        00000
__Lsfr12                                 sfr12        00000
__Lsfr13                                 sfr13        00000
__Lsfr14                                 sfr14        00000
__Lsfr15                                 sfr15        00000
__Lsfr16                                 sfr16        00000
__Lsfr17                                 sfr17        00000
__Lsfr18                                 sfr18        00000
__Lsfr19                                 sfr19        00000
__Lsfr2                                  sfr2         00000
__Lsfr20                                 sfr20        00000
__Lsfr21                                 sfr21        00000
__Lsfr22                                 sfr22        00000
__Lsfr23                                 sfr23        00000
__Lsfr24                                 sfr24        00000
__Lsfr25                                 sfr25        00000
__Lsfr26                                 sfr26        00000
__Lsfr27                                 sfr27        00000
__Lsfr28                                 sfr28        00000
__Lsfr29                                 sfr29        00000
__Lsfr3                                  sfr3         00000
__Lsfr30                                 sfr30        00000
__Lsfr31                                 sfr31        00000
__Lsfr4                                  sfr4         00000
__Lsfr5                                  sfr5         00000
__Lsfr6                                  sfr6         00000
__Lsfr7                                  sfr7         00000
__Lsfr8                                  sfr8         00000
__Lsfr9                                  sfr9         00000
__Lspace_0                               (abs)        00000
__Lspace_1                               (abs)        00000
__Lspace_2                               (abs)        00000
__Lspace_3                               (abs)        00000
__Lspace_4                               (abs)        00000
__Lstack                                 stack        00000
__Lstrings                               strings      00000
__Lstringtext1                           stringtext1  00000
__Lstringtext2                           stringtext2  00000
__Lstringtext3                           stringtext3  00000
__Lstringtext4                           stringtext4  00000
__Lstringtext5                           stringtext5  00000
__Lstringtext6                           stringtext6  00000
__Ltext                                  text         00000
__S0                                     (abs)        00843
__S1                                     (abs)        0007D
__S3                                     (abs)        00000
___heap_hi                               (abs)        00000
___heap_lo                               (abs)        00000
___int_sp                                stack        00000
___int_stack_hi                          stack        00000
___int_stack_lo                          stack        00000
___latbits                               (abs)        00002
___sp                                    stack        00000
___stack_hi                              stack        00000
___stack_lo                              stack        00000
___stackhi                               (abs)        00000
___stacklo                               (abs)        00000
___wmul                                  text18       0066A
___wmul@multiplicand                     cstackCOMMON 00072
___wmul@multiplier                       cstackCOMMON 00070
___wmul@product                          cstackCOMMON 00074
__end_of_ADXL345_init                    text14       00786
__end_of_ADXL345_init_settings           stringtext5  00837
__end_of_ADXL345_validation              text12       0066A
__end_of_CLOCK_Initialize                text8        005C3
__end_of_INTERRUPT_Initialize            text6        005E1
__end_of_INT_SetInterruptHandler         text7        005B5
__end_of_PIN_MANAGER_IOC                 text9        005CC
__end_of_PIN_MANAGER_Initialize          text4        006D0
__end_of_SPI1_BufferWrite                text20       006AB
__end_of_SPI1_ByteExchange               text13       005ED
__end_of_SPI1_Close                      text19       005AB
__end_of_SPI1_Host                       stringtext1  0081C
__end_of_SPI1_Initialize                 text3        005D6
__end_of_SPI1_Open                       text17       007F2
__end_of_SW1_DefaultInterruptHandler     text11       0064C
__end_of_SW1_ISR                         text10       00608
__end_of_SW1_SetInterruptHandler         text5        005BB
__end_of_SYSTEM_Initialize               text1        00618
__end_of_WDT_Initialize                  text2        005AF
__end_of___wmul                          text18       00689
__end_of__initialization                 cinit        007FD
__end_of_fall_init                       stringtext6  00843
__end_of_impact_init                     stringtext4  0083F
__end_of_main                            maintext     00733
__end_of_memcpy                          text16       006F8
__end_of_memset                          text15       00632
__end_of_no_motion_init                  stringtext3  0083B
__end_of_spi1_configuration              stringtext2  0082B
__initialization                         cinit        007F2
__pbssBIGRAM                             (abs)        022F0
__pcstackBANK0                           cstackBANK0  00020
__pcstackCOMMON                          cstackCOMMON 00070
__pmaintext                              maintext     006F8
__pnvBANK0                               nvBANK0      0003A
__pstringtext1                           stringtext1  00800
__pstringtext2                           stringtext2  0081C
__pstringtext3                           stringtext3  00837
__pstringtext4                           stringtext4  0083B
__pstringtext5                           stringtext5  0082B
__pstringtext6                           stringtext6  0083F
__ptext1                                 text1        00608
__ptext10                                text10       005F9
__ptext11                                text11       00632
__ptext12                                text12       0064C
__ptext13                                text13       005E1
__ptext14                                text14       00733
__ptext15                                text15       00618
__ptext16                                text16       006D0
__ptext17                                text17       00786
__ptext18                                text18       0066A
__ptext19                                text19       005A8
__ptext2                                 text2        005AB
__ptext20                                text20       00689
__ptext3                                 text3        005CC
__ptext4                                 text4        006AB
__ptext5                                 text5        005B5
__ptext6                                 text6        005D6
__ptext7                                 text7        005AF
__ptext8                                 text8        005BB
__ptext9                                 text9        005C3
_dataBuffer                              (abs)        022F0
_fall_init                               stringtext6  0083F
_main                                    maintext     006F8
_memcpy                                  text16       006D0
_memset                                  text15       00618
_spi1_configuration                      stringtext2  0081C
btemp                                    (abs)        0007E
clear_ram0                               clrtext      005ED
end_of_initialization                    cinit        007FD
intlevel0                                functab      00000
intlevel1                                functab      00000
intlevel2                                functab      00000
intlevel3                                functab      00000
intlevel4                                functab      00000
intlevel5                                functab      00000
memcpy@d                                 cstackCOMMON 00078
memcpy@d1                                cstackCOMMON 00079
memcpy@n                                 cstackCOMMON 00072
memcpy@s                                 cstackCOMMON 00075
memcpy@s1                                cstackCOMMON 00070
memcpy@tmp                               cstackCOMMON 00077
memset@c                                 cstackCOMMON 00070
memset@dest                              cstackCOMMON 00076
memset@n                                 cstackCOMMON 00072
memset@p                                 cstackCOMMON 00075
reset_vec                                reset_vec    00000
start                                    init         00002
start_initialization                     cinit        007F2
wtemp0                                   (abs)        0007E


MODULE INFORMATION

Module		Function		Class		Link	Load	Size
C:\Program Files\Microchip\xc8\v2.45\pic\sources\c99\common\Umul16.c
		___wmul        		CODE           	066A	0000	31

C:\Program Files\Microchip\xc8\v2.45\pic\sources\c99\common\Umul16.c estimated size: 31

mcc_generated_files/system/src/watchdog.c
		_WDT_Initialize		CODE           	05AB	0000	4

mcc_generated_files/system/src/watchdog.c estimated size: 4

C:\Program Files\Microchip\xc8\v2.45\pic\sources\c99\common\memcpy.c
		_memcpy        		CODE           	06D0	0000	40

C:\Program Files\Microchip\xc8\v2.45\pic\sources\c99\common\memcpy.c estimated size: 40

mcc_generated_files/spi/src/mssp.c
		_SPI1_ByteExchange		CODE           	05E1	0000	12
		_SPI1_Open     		CODE           	0786	0000	108
		_SPI1_BufferWrite		CODE           	0689	0000	34
		_SPI1_Initialize		CODE           	05CC	0000	10
		_SPI1_Close    		CODE           	05A8	0000	3

mcc_generated_files/spi/src/mssp.c estimated size: 167

mcc_generated_files/system/src/interrupt.c
		_INT_SetInterruptHandler		CODE           	05AF	0000	6
		_INTERRUPT_Initialize		CODE           	05D6	0000	11

mcc_generated_files/system/src/interrupt.c estimated size: 17

ADXL345.c
		_ADXL345_validation		CODE           	064C	0000	30
		_ADXL345_init  		CODE           	0733	0000	83

ADXL345.c estimated size: 113

mcc_generated_files/system/src/pins.c
		_PIN_MANAGER_Initialize		CODE           	06AB	0000	37
		_SW1_SetInterruptHandler		CODE           	05B5	0000	6
		_SW1_ISR       		CODE           	05F9	0000	15
		_PIN_MANAGER_IOC		CODE           	05C3	0000	9
		_SW1_DefaultInterruptHandler		CODE           	0632	0000	26

mcc_generated_files/system/src/pins.c estimated size: 93

shared
		_impact_init   		STRCODE        	0000	0000	0
		_fall_init     		STRCODE        	083F	0000	4
		__initialization		CODE           	07F2	0000	11
		_SPI1_Host     		STRCODE        	0000	0000	0
		_no_motion_init		STRCODE        	0000	0000	0
		_ADXL345_init_settings		STRCODE        	082B	0000	12
		_spi1_configuration		STRCODE        	081C	0000	15

shared estimated size: 42

C:\Program Files\Microchip\xc8\v2.45\pic\sources\c99\common\memset.c
		_memset        		CODE           	0618	0000	26

C:\Program Files\Microchip\xc8\v2.45\pic\sources\c99\common\memset.c estimated size: 26

mcc_generated_files/system/src/clock.c
		_CLOCK_Initialize		CODE           	05BB	0000	8

mcc_generated_files/system/src/clock.c estimated size: 8

main.c
		_main          		CODE           	06F8	0000	59

main.c estimated size: 59

mcc_generated_files/system/src/system.c
		_SYSTEM_Initialize		CODE           	0608	0000	16

mcc_generated_files/system/src/system.c estimated size: 16

