Microchip MPLAB XC8 Compiler V3.00

Linker command line:

-W-3 \
  --edf=C:\Program Files\Microchip\xc8\v3.00\pic\dat\20241204225717_en.msgs \
  -cn -h+dist/default/production\7109-08-refactor.X.production.sym \
  --cmf=dist/default/production\7109-08-refactor.X.production.cmf -z \
  -Q16LF1825 -oC:\Users\User\AppData\Local\Temp\xcAsn3k.\driver_tmp_3.o \
  --defsym=__MPLAB_BUILD=1 --fixupoverflow=error \
  -Mdist/default/production/7109-08-refactor.X.production.map \
  --md=C:\Users\User\AppData\Local\Temp\xcAsn3k.\driver_tmp_0.dat -E1 \
  -ver=XC8 Compiler -ACODE=00h-07FFhx4 -ASTRCODE=00h-01FFFh \
  -ASTRING=00h-0FFhx32 -ACONST=00h-0FFhx32 -AENTRY=00h-0FFhx32 \
  -ACOMMON=070h-07Fh -ABANK0=020h-06Fh -ABANK1=0A0h-0EFh \
  -ABANK2=0120h-016Fh -ABANK3=01A0h-01EFh -ABANK4=0220h-026Fh \
  -ABANK5=02A0h-02EFh -ABANK6=0320h-036Fh -ABANK7=03A0h-03EFh \
  -ABANK8=0420h-046Fh -ABANK9=04A0h-04EFh -ABANK10=0520h-056Fh \
  -ABANK11=05A0h-05EFh -ABANK12=0620h-064Fh -ABIGRAM=02000h-023EFh \
  -ARAM=020h-06Fh,0A0h-0EFh,0120h-016Fh,01A0h-01EFh,0220h-026Fh,02A0h-02EFh,0320h-036Fh,03A0h-03EFh,0420h-046Fh,04A0h-04EFh,0520h-056Fh,05A0h-05EFh,0620h-064Fh \
  -AABS1=020h-07Fh,0A0h-0EFh,0120h-016Fh,01A0h-01EFh,0220h-026Fh,02A0h-02EFh,0320h-036Fh,03A0h-03EFh,0420h-046Fh,04A0h-04EFh,0520h-056Fh,05A0h-05EFh,0620h-064Fh \
  -ASFR0=00h-01Fh -ASFR1=080h-09Fh -ASFR2=0100h-011Fh -ASFR3=0180h-019Fh \
  -ASFR4=0200h-021Fh -ASFR5=0280h-029Fh -ASFR6=0300h-031Fh \
  -ASFR7=0380h-039Fh -ASFR8=0400h-041Fh -ASFR9=0480h-049Fh \
  -ASFR10=0500h-051Fh -ASFR11=0580h-059Fh -ASFR12=0600h-061Fh \
  -ASFR13=0680h-06EFh -ASFR14=0700h-076Fh -ASFR15=0780h-07EFh \
  -ASFR16=0800h-086Fh -ASFR17=0880h-08EFh -ASFR18=0900h-096Fh \
  -ASFR19=0980h-09EFh -ASFR20=0A00h-0A6Fh -ASFR21=0A80h-0AEFh \
  -ASFR22=0B00h-0B6Fh -ASFR23=0B80h-0BEFh -ASFR24=0C00h-0C6Fh \
  -ASFR25=0C80h-0CEFh -ASFR26=0D00h-0D6Fh -ASFR27=0D80h-0DEFh \
  -ASFR28=0E00h-0E6Fh -ASFR29=0E80h-0EEFh -ASFR30=0F00h-0F6Fh \
  -ASFR31=0F80h-0FEFh -ACONFIG=08007h-08008h -DCONFIG=2 \
  -AIDLOC=08000h-08003h -DIDLOC=2 -AEEDATA=00h-0FFh/0F000h \
  -peeprom_data=EEDATA -DEEDATA=2 -DCODE=2 -DSTRCODE=2 -DSTRING=2 -DCONST=2 \
  -DENTRY=2 -preset_vec=00h,intentry,sivt,init,end_init -ppowerup=CODE \
  -pcinit=CODE -pfunctab=ENTRY -k \
  C:\Users\User\AppData\Local\Temp\xcAsn3k.\driver_tmp_15.o \
  dist/default/production\7109-08-refactor.X.production.o 

Object code version is 3.11

Machine type is 16LF1825



                Name                               Link     Load   Length Selector   Space Scale
C:\Users\User\AppData\Local\Temp\xcAsn3k.\driver_tmp_15.o
                end_init                              2        2        2        0       0
                reset_vec                             0        0        2        0       0
                config                             8007     8007        2        0       4
dist/default/production\7109-08-refactor.X.production.o
                cinit                               7DA      7DA       26      FB4       0
                config                             8007     8007        2        0       4
                text32                              F73      F73       20     1EE6       0
                text31                              E7F      E7F        3     1CFE       0
                text30                              F54      F54       1F     1EA8       0
                text29                               F9       F9       6C      1F2       0
                text28                              FB5      FB5       25     1F6A       0
                text27                              EE7      EE7       17     1DCE       0
                text26                               95       95       64      12A       0
                text25                              FDA      FDA       26     1FB4       0
                text24                                C        C       3A       18       0
                text23                              EC7      EC7        D     1D8E       0
                text22                              EAF      EAF        C     1D5E       0
                text21                              EFE      EFE       1A     1DFC       0
                text20                              F93      F93       22     1F26       0
                text19                              E88      E88        4     1D10       0
                text18                              3B8      3B8       A6      770       0
                text17                              1F3      1F3       97      3E6       0
                text16                              28A      28A       97      514       0
                text15                              321      321       97      642       0
                text14                              165      165       8E      2CA       0
                text13                              E82      E82        3     1D04       0
                text12                                4        4        8        0       0
                text11                              E94      E94        6     1D28       0
                text10                              EA4      EA4        B     1D48       0
                text9                               E85      E85        3     1D0A       0
                text8                               E8C      E8C        4     1D18       0
                text7                               F18      F18       1E     1E30       0
                text6                               E9A      E9A        A     1D34       0
                text5                               E90      E90        4     1D20       0
                text4                               ED4      ED4       13     1DA8       0
                text3                               F36      F36       1E     1E6C       0
                text2                                46       46       4F       8C       0
                text1                               562      562      278      AC4       0
                maintext                            45E      45E      104      8BC       0
                cstackBANK0                          20       20       35       20       1
                cstackCOMMON                         70       70        C       70       1
                cstackBANK1                          A0       A0       3E       A0       1
                clrtext                             EBB      EBB        C     1D76       0
                bssBANK1                             DE       DE        C       A0       1
                bssBANK0                             55       55        F       20       1
                bssCOMMON                            7C       7C        2       70       1
                nvBANK0                              64       64        2       20       1
                stringtext8                        104D     104D        4     2000       0
                stringtext7                        1049     1049        4     2000       0
                stringtext6                        1045     1045        4     2000       0
                stringtext5                        1039     1039        C     2000       0
                stringtext4                        1051     1051        2     2000       0
                stringtext3                        102B     102B        E     2000       0
                stringtext2                        101C     101C        F     2000       0
                stringtext1                        1000     1000       1C     2000       0

TOTAL           Name                               Link     Load   Length     Space
        CLASS   CODE           
                end_init                              2        2        2         0
                cinit                               7DA      7DA       26         0
                reset_vec                             0        0        2         0
                text32                              F73      F73       20         0
                text31                              E7F      E7F        3         0
                text30                              F54      F54       1F         0
                text29                               F9       F9       6C         0
                text28                              FB5      FB5       25         0
                text27                              EE7      EE7       17         0
                text26                               95       95       64         0
                text25                              FDA      FDA       26         0
                text24                                C        C       3A         0
                text23                              EC7      EC7        D         0
                text22                              EAF      EAF        C         0
                text21                              EFE      EFE       1A         0
                text20                              F93      F93       22         0
                text19                              E88      E88        4         0
                text18                              3B8      3B8       A6         0
                text17                              1F3      1F3       97         0
                text16                              28A      28A       97         0
                text15                              321      321       97         0
                text14                              165      165       8E         0
                text13                              E82      E82        3         0
                text12                                4        4        8         0
                text11                              E94      E94        6         0
                text10                              EA4      EA4        B         0
                text9                               E85      E85        3         0
                text8                               E8C      E8C        4         0
                text7                               F18      F18       1E         0
                text6                               E9A      E9A        A         0
                text5                               E90      E90        4         0
                text4                               ED4      ED4       13         0
                text3                               F36      F36       1E         0
                text2                                46       46       4F         0
                text1                               562      562      278         0
                maintext                            45E      45E      104         0
                clrtext                             EBB      EBB        C         0

        CLASS   STRCODE        
                stringtext8                        104D     104D        4         0
                stringtext7                        1049     1049        4         0
                stringtext6                        1045     1045        4         0
                stringtext5                        1039     1039        C         0
                stringtext4                        1051     1051        2         0
                stringtext3                        102B     102B        E         0
                stringtext2                        101C     101C        F         0
                stringtext1                        1000     1000       1C         0

        CLASS   STRING         

        CLASS   CONST          

        CLASS   ENTRY          

        CLASS   COMMON         
                cstackCOMMON                         70       70        C         1
                bssCOMMON                            7C       7C        2         1

        CLASS   BANK0          
                cstackBANK0                          20       20       35         1
                bssBANK0                             55       55        F         1
                nvBANK0                              64       64        2         1

        CLASS   BANK1          
                cstackBANK1                          A0       A0       3E         1
                bssBANK1                             DE       DE        C         1

        CLASS   BANK2          

        CLASS   BANK3          

        CLASS   BANK4          

        CLASS   BANK5          

        CLASS   BANK6          

        CLASS   BANK7          

        CLASS   BANK8          

        CLASS   BANK9          

        CLASS   BANK10         

        CLASS   BANK11         

        CLASS   BANK12         

        CLASS   BIGRAM         

        CLASS   RAM            

        CLASS   ABS1           
                abs_s1                               7E       7E        2         1
                abs_s1                              4C0      4C0       30         1
                abs_s1                              520      520       50         1
                abs_s1                              5A0      5A0       50         1
                abs_s1                              620      620       30         1
                abs_s1                             22F0     22F0        0         1

        CLASS   SFR0           

        CLASS   SFR1           

        CLASS   SFR2           

        CLASS   SFR3           

        CLASS   SFR4           

        CLASS   SFR5           

        CLASS   SFR6           

        CLASS   SFR7           

        CLASS   SFR8           

        CLASS   SFR9           

        CLASS   SFR10          

        CLASS   SFR11          

        CLASS   SFR12          

        CLASS   SFR13          

        CLASS   SFR14          

        CLASS   SFR15          

        CLASS   SFR16          

        CLASS   SFR17          

        CLASS   SFR18          

        CLASS   SFR19          

        CLASS   SFR20          

        CLASS   SFR21          

        CLASS   SFR22          

        CLASS   SFR23          

        CLASS   SFR24          

        CLASS   SFR25          

        CLASS   SFR26          

        CLASS   SFR27          

        CLASS   SFR28          

        CLASS   SFR29          

        CLASS   SFR30          

        CLASS   SFR31          

        CLASS   CONFIG         
                config                             8007     8007        2         4

        CLASS   IDLOC          

        CLASS   EEDATA         

        CLASS   BANK31         

        CLASS   BANK30         

        CLASS   BANK29         

        CLASS   BANK28         

        CLASS   BANK27         

        CLASS   BANK26         

        CLASS   BANK25         

        CLASS   BANK24         

        CLASS   BANK23         

        CLASS   BANK22         

        CLASS   BANK21         

        CLASS   BANK20         

        CLASS   BANK19         

        CLASS   BANK18         

        CLASS   BANK17         

        CLASS   BANK16         

        CLASS   BANK15         

        CLASS   BANK14         

        CLASS   BANK13         

        CLASS   HEAP           

        CLASS   STACK          



SEGMENTS        Name                           Load    Length   Top    Selector   Space  Class     Delta

                reset_vec                      000000  00000C  00000C         0       0  CODE        2
                text24                         00000C  00003A  000046        18       0  CODE        2
                cstackBANK0                    000020  000046  000066        20       1  BANK0       1
                cstackCOMMON                   000070  00000E  00007E        70       1  COMMON      1
                text2                          000046  00004F  000095        8C       0  CODE        2
                cstackBANK1                    0000A0  00004A  0000EA        A0       1  BANK1       1
                text26                         000095  000064  0000F9       12A       0  CODE        2
                text29                         0000F9  00006C  000165       1F2       0  CODE        2
                text14                         000165  00008E  0001F3       2CA       0  CODE        2
                text17                         0001F3  000097  00028A       3E6       0  CODE        2
                text16                         00028A  000097  000321       514       0  CODE        2
                text15                         000321  000097  0003B8       642       0  CODE        2
                text18                         0003B8  0000A6  00045E       770       0  CODE        2
                maintext                       00045E  000104  000562       8BC       0  CODE        2
                text1                          000562  000278  0007DA       AC4       0  CODE        2
                cinit                          0007DA  000026  000800       FB4       0  CODE        2
                text31                         000E7F  000003  000E82      1CFE       0  CODE        2
                text13                         000E82  000003  000E85      1D04       0  CODE        2
                text9                          000E85  000003  000E88      1D0A       0  CODE        2
                text19                         000E88  000004  000E8C      1D10       0  CODE        2
                text8                          000E8C  000004  000E90      1D18       0  CODE        2
                text5                          000E90  000004  000E94      1D20       0  CODE        2
                text11                         000E94  000006  000E9A      1D28       0  CODE        2
                text6                          000E9A  00000A  000EA4      1D34       0  CODE        2
                text10                         000EA4  00000B  000EAF      1D48       0  CODE        2
                text22                         000EAF  00000C  000EBB      1D5E       0  CODE        2
                clrtext                        000EBB  00000C  000EC7      1D76       0  CODE        2
                text23                         000EC7  00000D  000ED4      1D8E       0  CODE        2
                text4                          000ED4  000013  000EE7      1DA8       0  CODE        2
                text27                         000EE7  000017  000EFE      1DCE       0  CODE        2
                text21                         000EFE  00001A  000F18      1DFC       0  CODE        2
                text7                          000F18  00001E  000F36      1E30       0  CODE        2
                text3                          000F36  00001E  000F54      1E6C       0  CODE        2
                text30                         000F54  00001F  000F73      1EA8       0  CODE        2
                text32                         000F73  000020  000F93      1EE6       0  CODE        2
                text20                         000F93  000022  000FB5      1F26       0  CODE        2
                text28                         000FB5  000025  000FDA      1F6A       0  CODE        2
                text25                         000FDA  000026  001000      1FB4       0  CODE        2
                stringtext1                    001000  000053  001053      2000       0  STRCODE     2


UNUSED ADDRESS RANGES

        Name                Unused          Largest block    Delta
        BANK0            00066-0006F               A           1
        BANK1            000EA-000EF               6           1
        BANK2            00120-0016F              50           1
        BANK3            001A0-001EF              50           1
        BANK4            00220-0026F              50           1
        BANK5            002A0-002EF              50           1
        BANK6            00320-0036F              50           1
        BANK7            003A0-003EF              50           1
        BANK8            00420-0046F              50           1
        BANK9            004A0-004BF              20           1
        BIGRAM           02000-023EF             3F0           1
        CODE             00800-00E7E             67F           2
                         01053-01FFF             7AD
        CONST            00800-00E7E             100           2
                         01053-01FFF             100
        EEDATA           0F000-0F0FF             100           2
        ENTRY            00800-00E7E             100           2
                         01053-01FFF             100
        IDLOC            08000-08003               4           2
        RAM              00066-0006F               A           1
                         000EA-000EF               6
                         00120-0016F              50
                         001A0-001EF              50
                         00220-0026F              50
                         002A0-002EF              50
                         00320-0036F              50
                         003A0-003EF              50
                         00420-0046F              50
                         004A0-004BF              20
        SFR0             00000-0001F              20           1
        SFR1             00080-0009F              20           1
        SFR10            00500-0051F              20           1
        SFR11            00580-0059F              20           1
        SFR12            00600-0061F              20           1
        SFR13            00680-006EF              70           1
        SFR14            00700-0076F              70           1
        SFR15            00780-007EF              70           1
        SFR16            00800-0086F              70           1
        SFR17            00880-008EF              70           1
        SFR18            00900-0096F              70           1
        SFR19            00980-009EF              70           1
        SFR2             00100-0011F              20           1
        SFR20            00A00-00A6F              70           1
        SFR21            00A80-00AEF              70           1
        SFR22            00B00-00B6F              70           1
        SFR23            00B80-00BEF              70           1
        SFR24            00C00-00C6F              70           1
        SFR25            00C80-00CEF              70           1
        SFR26            00D00-00D6F              70           1
        SFR27            00D80-00DEF              70           1
        SFR28            00E00-00E6F              70           1
        SFR29            00E80-00EEF              70           1
        SFR3             00180-0019F              20           1
        SFR30            00F00-00F6F              70           1
        SFR31            00F80-00FEF              70           1
        SFR4             00200-0021F              20           1
        SFR5             00280-0029F              20           1
        SFR6             00300-0031F              20           1
        SFR7             00380-0039F              20           1
        SFR8             00400-0041F              20           1
        SFR9             00480-0049F              20           1
        STRCODE          00800-00E7E             67F           2
                         01053-01FFF             FAD
        STRING           00800-00E7E             100           2
                         01053-01FFF             100

                                  Symbol Table

?___wmul                                 cstackCOMMON 00070
ADXL345_init@msg                         cstackBANK0  00020
ADXL345_validation@passed                cstackBANK0  00022
ADXL345_validation@temp                  cstackBANK0  00020
EEPROM_Read@address                      cstackCOMMON 00070
EEPROM_Write@address                     cstackCOMMON 00070
EEPROM_Write@data                        cstackCOMMON 00072
EEPROM_Write@globalInterruptBitValue     cstackCOMMON 00073
INT_SetInterruptHandler@InterruptHandler cstackCOMMON 00070
MotionEventHandler@state                 cstackBANK0  00048
SPI1_BufferExchange@bufferData           cstackCOMMON 00070
SPI1_BufferExchange@bufferInput          cstackCOMMON 00075
SPI1_BufferExchange@bufferInputSize      cstackCOMMON 00073
SPI1_BufferExchange@bufferSize           cstackCOMMON 00071
SPI1_BufferRead@bufferData               cstackCOMMON 00070
SPI1_BufferRead@bufferInput              cstackCOMMON 00075
SPI1_BufferRead@bufferInputSize          cstackCOMMON 00073
SPI1_BufferRead@bufferSize               cstackCOMMON 00071
SPI1_BufferWrite@bufferData              cstackCOMMON 00070
SPI1_BufferWrite@bufferInput             cstackCOMMON 00076
SPI1_BufferWrite@bufferInputSize         cstackCOMMON 00074
SPI1_BufferWrite@bufferSize              cstackCOMMON 00072
SPI1_ByteExchange@byteData               cstackCOMMON 00070
SPI1_ByteWrite@byteData                  cstackCOMMON 00070
SPI1_Open@returnValue                    cstackCOMMON 00079
SPI1_Open@spiConfigIndex                 cstackCOMMON 00076
_ADXL345_ClearInterrupt                  text21       00EFE
_ADXL345_init                            text26       00095
_ADXL345_init_settings                   stringtext5  01039
_ADXL345_validation                      text24       0000C
_ANSELA                                  (abs)        0018C
_ANSELC                                  (abs)        0018E
_APFCON0                                 (abs)        0011D
_BORCON                                  (abs)        00116
_CLOCK_Initialize                        text12       00004
_EEADR                                   (abs)        00191
_EEADRH                                  (abs)        00192
_EEADRL                                  (abs)        00191
_EECON1                                  (abs)        00195
_EECON1bits                              (abs)        00195
_EECON2                                  (abs)        00196
_EEDATA                                  (abs)        00193
_EEDATH                                  (abs)        00194
_EEDATL                                  (abs)        00193
_EEPROM_ByteRead                         (abs)        00000
_EEPROM_ByteWrite                        (abs)        00000
_EEPROM_Read                             text23       00EC7
_EEPROM_Write                            text3        00F36
_INLVLA                                  (abs)        0038C
_INLVLC                                  (abs)        0038E
_INTCONbits                              (abs)        0000B
_INTERRUPT_Initialize                    text10       00EA4
_INT_DefaultInterruptHandler             (abs)        00000
_INT_InterruptHandler                    nvBANK0      00064
_INT_SetInterruptHandler                 text11       00E94
_IOCAF                                   (abs)        00393
_IOCAFbits                               (abs)        00393
_IOCAN                                   (abs)        00392
_IOCAP                                   (abs)        00391
_LATA                                    (abs)        0010C
_LATAbits                                (abs)        0010C
_LATC                                    (abs)        0010E
_LATCbits                                (abs)        0010E
_LWLO                                    (abs)        00CAD
_MotionEventHandler                      text14       00165
_NVM_Initialize                          text8        00E8C
_NVM_IsBusy                              (abs)        00000
_NVM_StatusClear                         text9        00E85
_OPTION_REGbits                          (abs)        00095
_OSCCON                                  (abs)        00099
_OSCTUNE                                 (abs)        00098
_PIE1bits                                (abs)        00091
_PIN_MANAGER_IOC                         text13       00E82
_PIN_MANAGER_Initialize                  text7        00F18
_PIR1bits                                (abs)        00011
_PORTAbits                               (abs)        0000C
_SPI1_BufferExchange                     text25       00FDA
_SPI1_BufferRead                         text20       00F93
_SPI1_BufferWrite                        text32       00F73
_SPI1_ByteExchange                       text22       00EAF
_SPI1_ByteRead                           (abs)        00000
_SPI1_ByteWrite                          text19       00E88
_SPI1_Close                              text31       00E7F
_SPI1_Deinitialize                       (abs)        00000
_SPI1_Initialize                         text6        00E9A
_SPI1_IsRxReady                          (abs)        00000
_SPI1_IsTxReady                          (abs)        00000
_SPI1_Open                               text29       000F9
_SSP1ADD                                 (abs)        00212
_SSP1BUF                                 (abs)        00211
_SSP1CON1                                (abs)        00215
_SSP1CON1bits                            (abs)        00215
_SSP1CON3                                (abs)        00217
_SSP1STAT                                (abs)        00214
_SW1_InterruptHandler                    bssBANK0     00061
_SYSTEM_Initialize                       text4        00ED4
_TRISA                                   (abs)        0008C
_TRISC                                   (abs)        0008E
_WDTCON                                  (abs)        00097
_WDT_Initialize                          text5        00E90
_WPUA                                    (abs)        0020C
_WPUC                                    (abs)        0020E
__H__absolute__                          __absolute__ 00000
__Habs1                                  abs1         00000
__Hbank0                                 bank0        00000
__Hbank1                                 bank1        00000
__Hbank10                                bank10       00000
__Hbank11                                bank11       00000
__Hbank12                                bank12       00000
__Hbank13                                bank13       00000
__Hbank14                                bank14       00000
__Hbank15                                bank15       00000
__Hbank16                                bank16       00000
__Hbank17                                bank17       00000
__Hbank18                                bank18       00000
__Hbank19                                bank19       00000
__Hbank2                                 bank2        00000
__Hbank20                                bank20       00000
__Hbank21                                bank21       00000
__Hbank22                                bank22       00000
__Hbank23                                bank23       00000
__Hbank24                                bank24       00000
__Hbank25                                bank25       00000
__Hbank26                                bank26       00000
__Hbank27                                bank27       00000
__Hbank28                                bank28       00000
__Hbank29                                bank29       00000
__Hbank3                                 bank3        00000
__Hbank30                                bank30       00000
__Hbank31                                bank31       00000
__Hbank4                                 bank4        00000
__Hbank5                                 bank5        00000
__Hbank6                                 bank6        00000
__Hbank7                                 bank7        00000
__Hbank8                                 bank8        00000
__Hbank9                                 bank9        00000
__Hbigram                                bigram       00000
__HbssBANK0                              bssBANK0     00000
__HbssBANK1                              bssBANK1     00000
__HbssCOMMON                             bssCOMMON    00000
__Hcinit                                 cinit        00800
__Hclrtext                               clrtext      00000
__Hcode                                  code         00000
__Hcommon                                common       00000
__Hconfig                                config       08009
__HcstackBANK0                           cstackBANK0  00000
__HcstackBANK1                           cstackBANK1  00000
__HcstackCOMMON                          cstackCOMMON 00000
__Heeprom_data                           eeprom_data  00000
__Hend_init                              end_init     00004
__Hfunctab                               functab      00000
__Hheap                                  heap         00000
__Hinit                                  init         00002
__Hintentry                              intentry     00002
__Hmaintext                              maintext     00000
__HnvBANK0                               nvBANK0      00000
__Hpowerup                               powerup      00000
__Hram                                   ram          00000
__Hreset_vec                             reset_vec    00002
__Hsfr0                                  sfr0         00000
__Hsfr1                                  sfr1         00000
__Hsfr10                                 sfr10        00000
__Hsfr11                                 sfr11        00000
__Hsfr12                                 sfr12        00000
__Hsfr13                                 sfr13        00000
__Hsfr14                                 sfr14        00000
__Hsfr15                                 sfr15        00000
__Hsfr16                                 sfr16        00000
__Hsfr17                                 sfr17        00000
__Hsfr18                                 sfr18        00000
__Hsfr19                                 sfr19        00000
__Hsfr2                                  sfr2         00000
__Hsfr20                                 sfr20        00000
__Hsfr21                                 sfr21        00000
__Hsfr22                                 sfr22        00000
__Hsfr23                                 sfr23        00000
__Hsfr24                                 sfr24        00000
__Hsfr25                                 sfr25        00000
__Hsfr26                                 sfr26        00000
__Hsfr27                                 sfr27        00000
__Hsfr28                                 sfr28        00000
__Hsfr29                                 sfr29        00000
__Hsfr3                                  sfr3         00000
__Hsfr30                                 sfr30        00000
__Hsfr31                                 sfr31        00000
__Hsfr4                                  sfr4         00000
__Hsfr5                                  sfr5         00000
__Hsfr6                                  sfr6         00000
__Hsfr7                                  sfr7         00000
__Hsfr8                                  sfr8         00000
__Hsfr9                                  sfr9         00000
__Hsivt                                  sivt         00002
__Hspace_0                               (abs)        01053
__Hspace_1                               (abs)        000EA
__Hspace_2                               (abs)        00000
__Hspace_3                               (abs)        00000
__Hspace_4                               (abs)        10010
__Hstack                                 stack        00000
__Hstrings                               strings      00000
__Hstringtext1                           stringtext1  00000
__Hstringtext2                           stringtext2  00000
__Hstringtext3                           stringtext3  00000
__Hstringtext4                           stringtext4  00000
__Hstringtext5                           stringtext5  00000
__Hstringtext6                           stringtext6  00000
__Hstringtext7                           stringtext7  00000
__Hstringtext8                           stringtext8  00000
__Htext                                  text         00000
__L__absolute__                          __absolute__ 00000
__Labs1                                  abs1         00000
__Lbank0                                 bank0        00000
__Lbank1                                 bank1        00000
__Lbank10                                bank10       00000
__Lbank11                                bank11       00000
__Lbank12                                bank12       00000
__Lbank13                                bank13       00000
__Lbank14                                bank14       00000
__Lbank15                                bank15       00000
__Lbank16                                bank16       00000
__Lbank17                                bank17       00000
__Lbank18                                bank18       00000
__Lbank19                                bank19       00000
__Lbank2                                 bank2        00000
__Lbank20                                bank20       00000
__Lbank21                                bank21       00000
__Lbank22                                bank22       00000
__Lbank23                                bank23       00000
__Lbank24                                bank24       00000
__Lbank25                                bank25       00000
__Lbank26                                bank26       00000
__Lbank27                                bank27       00000
__Lbank28                                bank28       00000
__Lbank29                                bank29       00000
__Lbank3                                 bank3        00000
__Lbank30                                bank30       00000
__Lbank31                                bank31       00000
__Lbank4                                 bank4        00000
__Lbank5                                 bank5        00000
__Lbank6                                 bank6        00000
__Lbank7                                 bank7        00000
__Lbank8                                 bank8        00000
__Lbank9                                 bank9        00000
__Lbigram                                bigram       00000
__LbssBANK0                              bssBANK0     00000
__LbssBANK1                              bssBANK1     00000
__LbssCOMMON                             bssCOMMON    00000
__Lcinit                                 cinit        007DA
__Lclrtext                               clrtext      00000
__Lcode                                  code         00000
__Lcommon                                common       00000
__Lconfig                                config       00000
__LcstackBANK0                           cstackBANK0  00000
__LcstackBANK1                           cstackBANK1  00000
__LcstackCOMMON                          cstackCOMMON 00000
__Leeprom_data                           eeprom_data  00000
__Lend_init                              end_init     00002
__Lfunctab                               functab      00000
__Lheap                                  heap         00000
__Linit                                  init         00002
__Lintentry                              intentry     00002
__Lmaintext                              maintext     00000
__LnvBANK0                               nvBANK0      00000
__Lpowerup                               powerup      00000
__Lram                                   ram          00000
__Lreset_vec                             reset_vec    00000
__Lsfr0                                  sfr0         00000
__Lsfr1                                  sfr1         00000
__Lsfr10                                 sfr10        00000
__Lsfr11                                 sfr11        00000
__Lsfr12                                 sfr12        00000
__Lsfr13                                 sfr13        00000
__Lsfr14                                 sfr14        00000
__Lsfr15                                 sfr15        00000
__Lsfr16                                 sfr16        00000
__Lsfr17                                 sfr17        00000
__Lsfr18                                 sfr18        00000
__Lsfr19                                 sfr19        00000
__Lsfr2                                  sfr2         00000
__Lsfr20                                 sfr20        00000
__Lsfr21                                 sfr21        00000
__Lsfr22                                 sfr22        00000
__Lsfr23                                 sfr23        00000
__Lsfr24                                 sfr24        00000
__Lsfr25                                 sfr25        00000
__Lsfr26                                 sfr26        00000
__Lsfr27                                 sfr27        00000
__Lsfr28                                 sfr28        00000
__Lsfr29                                 sfr29        00000
__Lsfr3                                  sfr3         00000
__Lsfr30                                 sfr30        00000
__Lsfr31                                 sfr31        00000
__Lsfr4                                  sfr4         00000
__Lsfr5                                  sfr5         00000
__Lsfr6                                  sfr6         00000
__Lsfr7                                  sfr7         00000
__Lsfr8                                  sfr8         00000
__Lsfr9                                  sfr9         00000
__Lsivt                                  sivt         00002
__Lspace_0                               (abs)        00000
__Lspace_1                               (abs)        00000
__Lspace_2                               (abs)        00000
__Lspace_3                               (abs)        00000
__Lspace_4                               (abs)        00000
__Lstack                                 stack        00000
__Lstrings                               strings      00000
__Lstringtext1                           stringtext1  00000
__Lstringtext2                           stringtext2  00000
__Lstringtext3                           stringtext3  00000
__Lstringtext4                           stringtext4  00000
__Lstringtext5                           stringtext5  00000
__Lstringtext6                           stringtext6  00000
__Lstringtext7                           stringtext7  00000
__Lstringtext8                           stringtext8  00000
__Ltext                                  text         00000
__S0                                     (abs)        01053
__S1                                     (abs)        000EA
__S3                                     (abs)        00000
___heap_hi                               (abs)        00000
___heap_lo                               (abs)        00000
___int_sp                                stack        00000
___int_stack_hi                          stack        00000
___int_stack_lo                          stack        00000
___latbits                               (abs)        00002
___sp                                    stack        00000
___stack_hi                              stack        00000
___stack_lo                              stack        00000
___stackhi                               (abs)        00000
___stacklo                               (abs)        00000
___wmul                                  text30       00F54
___wmul@multiplicand                     cstackCOMMON 00072
___wmul@multiplier                       cstackCOMMON 00070
___wmul@product                          cstackCOMMON 00074
__end_of_ADXL345_ClearInterrupt          text21       00F18
__end_of_ADXL345_init                    text26       000F9
__end_of_ADXL345_init_settings           stringtext5  01045
__end_of_ADXL345_validation              text24       00046
__end_of_CLOCK_Initialize                text12       0000C
__end_of_EEPROM_Read                     text23       00ED4
__end_of_EEPROM_Write                    text3        00F54
__end_of_INTERRUPT_Initialize            text10       00EAF
__end_of_INT_SetInterruptHandler         text11       00E9A
__end_of_MotionEventHandler              text14       001F3
__end_of_NVM_Initialize                  text8        00E90
__end_of_NVM_StatusClear                 text9        00E88
__end_of_PIN_MANAGER_IOC                 text13       00E85
__end_of_PIN_MANAGER_Initialize          text7        00F36
__end_of_SPI1_BufferExchange             text25       01000
__end_of_SPI1_BufferRead                 text20       00FB5
__end_of_SPI1_BufferWrite                text32       00F93
__end_of_SPI1_ByteExchange               text22       00EBB
__end_of_SPI1_ByteWrite                  text19       00E8C
__end_of_SPI1_Close                      text31       00E82
__end_of_SPI1_Host                       stringtext1  0101C
__end_of_SPI1_Initialize                 text6        00EA4
__end_of_SPI1_Open                       text29       00165
__end_of_SYSTEM_Initialize               text4        00EE7
__end_of_WDT_Initialize                  text5        00E94
__end_of___wmul                          text30       00F73
__end_of__initialization                 cinit        007FD
__end_of_acceleration_squared_threshold  stringtext4  01053
__end_of_calibrate                       text1        007DA
__end_of_eeprom_interface                stringtext3  01039
__end_of_fall_init                       stringtext8  01051
__end_of_impact_init                     stringtext7  0104D
__end_of_main                            maintext     00562
__end_of_memcpy                          text28       00FDA
__end_of_memset                          text27       00EFE
__end_of_no_motion_init                  stringtext6  01049
__end_of_orientation_Up                  text18       0045E
__end_of_saveOffsets                     text2        00095
__end_of_setupForFreefall                text17       0028A
__end_of_setupForImpact                  text16       00321
__end_of_setupForInactivity              text15       003B8
__end_of_spi1_configuration              stringtext2  0102B
__initialization                         cinit        007DA
__pbssBANK0                              bssBANK0     00055
__pbssBANK1                              bssBANK1     000DE
__pbssBIGRAM                             (abs)        022F0
__pbssCOMMON                             bssCOMMON    0007C
__pcstackBANK0                           cstackBANK0  00020
__pcstackBANK1                           cstackBANK1  000A0
__pcstackCOMMON                          cstackCOMMON 00070
__pmaintext                              maintext     0045E
__pnvBANK0                               nvBANK0      00064
__pstringtext1                           stringtext1  01000
__pstringtext2                           stringtext2  0101C
__pstringtext3                           stringtext3  0102B
__pstringtext4                           stringtext4  01051
__pstringtext5                           stringtext5  01039
__pstringtext6                           stringtext6  01045
__pstringtext7                           stringtext7  01049
__pstringtext8                           stringtext8  0104D
__ptext1                                 text1        00562
__ptext10                                text10       00EA4
__ptext11                                text11       00E94
__ptext12                                text12       00004
__ptext13                                text13       00E82
__ptext14                                text14       00165
__ptext15                                text15       00321
__ptext16                                text16       0028A
__ptext17                                text17       001F3
__ptext18                                text18       003B8
__ptext19                                text19       00E88
__ptext2                                 text2        00046
__ptext20                                text20       00F93
__ptext21                                text21       00EFE
__ptext22                                text22       00EAF
__ptext23                                text23       00EC7
__ptext24                                text24       0000C
__ptext25                                text25       00FDA
__ptext26                                text26       00095
__ptext27                                text27       00EE7
__ptext28                                text28       00FB5
__ptext29                                text29       000F9
__ptext3                                 text3        00F36
__ptext30                                text30       00F54
__ptext31                                text31       00E7F
__ptext32                                text32       00F73
__ptext4                                 text4        00ED4
__ptext5                                 text5        00E90
__ptext6                                 text6        00E9A
__ptext7                                 text7        00F18
__ptext8                                 text8        00E8C
__ptext9                                 text9        00E85
_calibrate                               text1        00562
_dataBuffer                              (abs)        022F0
_fall_init                               stringtext8  0104D
_good_orientation_count                  bssBANK0     00063
_impact_init                             stringtext7  01049
_main                                    maintext     0045E
_memcpy                                  text28       00FB5
_memset                                  text27       00EE7
_no_motion_init                          stringtext6  01045
_orientation_Up                          text18       003B8
_orientation_check_timer_20ms            bssBANK0     0005B
_saveOffsets                             text2        00046
_setupForFreefall                        text17       001F3
_setupForImpact                          text16       0028A
_setupForInactivity                      text15       00321
_spi1_configuration                      stringtext2  0101C
_timer_20ms                              bssBANK0     0005D
_unlockKeyHigh                           bssCOMMON    0007C
_unlockKeyLow                            bssCOMMON    0007D
btemp                                    (abs)        0007E
calibrate@Z_n1g                          cstackBANK1  000AC
calibrate@acc_data                       cstackBANK1  000A0
calibrate@i                              cstackBANK1  000B8
calibrate@i_995                          cstackBANK1  000BA
calibrate@msg                            cstackBANK1  000C2
calibrate@offset_0g_X                    cstackBANK1  000B2
calibrate@offset_0g_Y                    cstackBANK1  000B4
calibrate@offset_0g_Z                    cstackBANK1  000B6
calibrate@sum_X                          cstackBANK1  000AE
calibrate@sum_X_avg                      cstackBANK1  000BE
calibrate@sum_Y                          cstackBANK1  000B0
calibrate@sum_Y_avg                      cstackBANK1  000C0
calibrate@sum_Z                          cstackBANK1  000BC
calibrate@sum_Z_avg                      cstackBANK1  000DC
clear_ram0                               clrtext      00EBB
end_of_initialization                    cinit        007FD
intlevel0                                functab      00000
intlevel1                                functab      00000
intlevel2                                functab      00000
intlevel3                                functab      00000
intlevel4                                functab      00000
intlevel5                                functab      00000
main@X_val                               cstackBANK0  0004D
main@Y_val                               cstackBANK0  0004E
main@Z_val                               cstackBANK0  0004F
main@current_state                       cstackBANK0  00054
main@i                                   cstackBANK0  00050
main@i_861                               cstackBANK0  00052
memcpy@d                                 cstackCOMMON 00079
memcpy@d1                                cstackCOMMON 00070
memcpy@n                                 cstackCOMMON 00074
memcpy@s                                 cstackCOMMON 00076
memcpy@s1                                cstackCOMMON 00072
memcpy@tmp                               cstackCOMMON 00078
memset@c                                 cstackCOMMON 00072
memset@dest                              cstackCOMMON 00070
memset@n                                 cstackCOMMON 00074
memset@p                                 cstackCOMMON 00076
orientation_Up@acc_data                  cstackBANK0  00020
orientation_Up@g_deltaX                  cstackBANK0  00042
orientation_Up@g_deltaY                  cstackBANK0  00044
orientation_Up@g_deltaZ                  cstackBANK0  00046
orientation_Up@g_magnitude               cstackBANK0  00026
orientation_Up@msg                       cstackBANK0  00028
reset_vec                                reset_vec    00000
saveOffsets@msg                          cstackBANK0  00021
saveOffsets@x_axis                       cstackBANK0  00020
saveOffsets@y_axis                       cstackCOMMON 0007A
saveOffsets@z_axis                       cstackCOMMON 0007B
setupForFreefall@msg                     cstackBANK0  00020
setupForImpact@msg                       cstackBANK0  00020
setupForInactivity@msg                   cstackBANK0  00020
start                                    init         00002
start_initialization                     cinit        007DA
wtemp0                                   (abs)        0007E


MODULE INFORMATION

Module		Function		Class		Link	Load	Size
fall.c
		_MotionEventHandler		CODE           	0165	0000	142

fall.c estimated size: 142

mcc_generated_files/system/src/watchdog.c
		_WDT_Initialize		CODE           	0E90	0000	4

mcc_generated_files/system/src/watchdog.c estimated size: 4

C:\Program Files\Microchip\xc8\v3.00\pic\sources\c99\common\memcpy.c
		_memcpy        		CODE           	0FB5	0000	37

C:\Program Files\Microchip\xc8\v3.00\pic\sources\c99\common\memcpy.c estimated size: 37

mcc_generated_files/spi/src/mssp.c
		_SPI1_BufferRead		CODE           	0F93	0000	34
		_SPI1_BufferExchange		CODE           	0FDA	0000	38
		_SPI1_ByteExchange		CODE           	0EAF	0000	12
		_SPI1_ByteWrite		CODE           	0E88	0000	4
		_SPI1_Open     		CODE           	00F9	0000	108
		_SPI1_BufferWrite		CODE           	0F73	0000	32
		_SPI1_Initialize		CODE           	0E9A	0000	10
		_SPI1_Close    		CODE           	0E7F	0000	3

mcc_generated_files/spi/src/mssp.c estimated size: 241

C:\Program Files\Microchip\xc8\v3.00\pic\sources\c99\common\Umul16.c
		___wmul        		CODE           	0F54	0000	31

C:\Program Files\Microchip\xc8\v3.00\pic\sources\c99\common\Umul16.c estimated size: 31

mcc_generated_files/system/src/interrupt.c
		_INT_SetInterruptHandler		CODE           	0E94	0000	6
		_INTERRUPT_Initialize		CODE           	0EA4	0000	11

mcc_generated_files/system/src/interrupt.c estimated size: 17

ADXL345.c
		_saveOffsets   		CODE           	0046	0000	79
		_setupForInactivity		CODE           	0321	0000	151
		_setupForFreefall		CODE           	01F3	0000	151
		_ADXL345_validation		CODE           	000C	0000	58
		_ADXL345_ClearInterrupt		CODE           	0EFE	0000	26
		_setupForImpact		CODE           	028A	0000	151
		_calibrate     		CODE           	0562	0000	632
		_ADXL345_init  		CODE           	0095	0000	100
		_orientation_Up		CODE           	03B8	0000	166

ADXL345.c estimated size: 1514

mcc_generated_files/nvm/src/nvm.c
		_NVM_Initialize		CODE           	0E8C	0000	4
		_EEPROM_Read   		CODE           	0EC7	0000	13
		_EEPROM_Write  		CODE           	0F36	0000	30
		_NVM_StatusClear		CODE           	0E85	0000	3

mcc_generated_files/nvm/src/nvm.c estimated size: 50

mcc_generated_files/system/src/pins.c
		_PIN_MANAGER_Initialize		CODE           	0F18	0000	30
		_PIN_MANAGER_IOC		CODE           	0E82	0000	3

mcc_generated_files/system/src/pins.c estimated size: 33

shared
		_impact_init   		STRCODE        	1049	0000	4
		_fall_init     		STRCODE        	104D	0000	4
		__initialization		CODE           	07DA	0000	35
		_SPI1_Host     		STRCODE        	0000	0000	0
		_no_motion_init		STRCODE        	1045	0000	4
		_acceleration_squared_threshold		STRCODE        	0000	0000	0
		_ADXL345_init_settings		STRCODE        	1039	0000	12
		_spi1_configuration		STRCODE        	101C	0000	15
		_eeprom_interface		STRCODE        	0000	0000	0

shared estimated size: 74

C:\Program Files\Microchip\xc8\v3.00\pic\sources\c99\common\memset.c
		_memset        		CODE           	0EE7	0000	23

C:\Program Files\Microchip\xc8\v3.00\pic\sources\c99\common\memset.c estimated size: 23

mcc_generated_files/system/src/clock.c
		_CLOCK_Initialize		CODE           	0004	0000	8

mcc_generated_files/system/src/clock.c estimated size: 8

main.c
		_main          		CODE           	045E	0000	260

main.c estimated size: 260

mcc_generated_files/system/src/system.c
		_SYSTEM_Initialize		CODE           	0ED4	0000	19

mcc_generated_files/system/src/system.c estimated size: 19

